// Jest Snapshot v1, https://goo.gl/fbAQLP

exports[`Review List Component works 1`] = `ShallowWrapper {}`;
